// Jest Snapshot v1, https://goo.gl/fbAQLP

exports[`Weather Timeline Renders correctly 1`] = `
<div>
  <section>
    <h3
      style="text-align: center;"
    >
      Timeline
    </h3>
    <div
      class="timeline"
    >
      <div
        class="weather-entry"
      >
        <div
          class="time"
        >
          1:00PM
        </div>
        <div
          class="description"
        >
          <div
            class="icon weather-icon"
          >
            <test-file-stub />
          </div>
        </div>
      </div>
      <div
        class="weather-entry"
      >
        <div
          class="time"
        >
          4:00PM
        </div>
        <div
          class="description"
        >
          <div
            class="icon weather-icon"
          >
            <test-file-stub />
          </div>
        </div>
      </div>
      <div
        class="weather-entry"
      >
        <div
          class="time"
        >
          7:00PM
        </div>
        <div
          class="description"
        >
          <div
            class="icon weather-icon"
          >
            <test-file-stub />
          </div>
        </div>
      </div>
    </div>
  </section>
</div>
`;
