// Jest Snapshot v1, https://goo.gl/fbAQLP

exports[`Main Layout after searching it calls localStorage setItem 1`] = `
<div>
  <main
    class="main-content"
  >
    <form
      class="search"
    >
      <div
        class="search-bar"
      >
        <input
          aria-labelledby="searchButton"
          class="search-input"
          placeholder="Search Places ..."
        />
        <div
          class="search-dropdown"
        />
      </div>
      <button
        aria-label="Search for a location to Fetch weather for"
        id="searchButton"
        type="submit"
      >
        <span>
          Search
        </span>
        <test-file-stub />
      </button>
    </form>
  </main>
</div>
`;

exports[`Main Layout on initial load it shows a logo and searchbar 1`] = `
<div>
  <main
    class="main-content"
  >
    <div
      class="logo"
    >
      <h1>
        <div>
          Meteo
        </div>
        <small>
          Weather at a Glance
        </small>
      </h1>
      <div
        class="tagline"
      >
        Search for a location above to get your 5 day weather forecast!
      </div>
    </div>
  </main>
</div>
`;
